# Logfile created on 2025-09-01 14:28:35 +0200 by logger.rb/v1.4.3
2025-09-01 14:28:35 +0200: Memory Usage (428032K) : Starting running IHP-SG13G2 Klayout DRC runset on /home/pedersen/projects/design_space/tapeouts/TO_July2025/60_GHZ_MPA/design_data/gds/FMD_QNC_60_ghz_mpa_filled.gds
2025-09-01 14:28:35 +0200: Memory Usage (428032K) : Ruby Version for klayout: 3.0.2
2025-09-01 14:28:35 +0200: Memory Usage (433820K) : Loading database to memory is complete.
2025-09-01 14:28:35 +0200: Memory Usage (433820K) : IHP-SG13G2 Klayout DRC runset output at: /home/pedersen/projects/design_space/tapeouts/TO_July2025/60_GHZ_MPA/design_data/gds/drc_run_FMD_QNC_60_ghz_mpa/FMD_QNC_60_ghz_mpa_filled_FMD_QNC_60_ghz_mpa_main.lyrdb
2025-09-01 14:28:35 +0200: Memory Usage (433820K) : Evaluate switches.
2025-09-01 14:28:35 +0200: Memory Usage (433820K) : table_name selected  main
2025-09-01 14:28:35 +0200: Memory Usage (433820K) : Klayout will use 1 thread(s)
2025-09-01 14:28:35 +0200: Memory Usage (433820K) : deep mode is enabled for main table.
2025-09-01 14:28:35 +0200: Memory Usage (433820K) : FEOL enabled: true
2025-09-01 14:28:35 +0200: Memory Usage (433820K) : BEOL enabled: true
2025-09-01 14:28:35 +0200: Memory Usage (433820K) : OffGrid enabled: true
2025-09-01 14:28:35 +0200: Memory Usage (433820K) : PreCheck DRC enabled: false
2025-09-01 14:28:35 +0200: Memory Usage (433820K) : CONNECTIVITY_RULES enabled: true for table main
2025-09-01 14:28:35 +0200: Memory Usage (433820K) : Read in polygons from layers.
2025-09-01 14:28:35 +0200: Memory Usage (435612K) : activ_drw has 48 polygons
2025-09-01 14:28:35 +0200: Memory Usage (435612K) : activ_pin has 0 polygons
2025-09-01 14:28:35 +0200: Memory Usage (435612K) : activ_mask has 10 polygons
2025-09-01 14:28:35 +0200: Memory Usage (435612K) : activ_filler has 15044 polygons
2025-09-01 14:28:35 +0200: Memory Usage (435612K) : activ_nofill has 15 polygons
2025-09-01 14:28:35 +0200: Memory Usage (435612K) : activ_opc has 0 polygons
2025-09-01 14:28:35 +0200: Memory Usage (435868K) : activ_iopc has 0 polygons
2025-09-01 14:28:35 +0200: Memory Usage (435868K) : activ_noqrc has 0 polygons
2025-09-01 14:28:35 +0200: Memory Usage (435868K) : biwind_drw has 0 polygons
2025-09-01 14:28:35 +0200: Memory Usage (435868K) : biwind_opc has 0 polygons
2025-09-01 14:28:35 +0200: Memory Usage (435868K) : pemwind_drw has 0 polygons
2025-09-01 14:28:35 +0200: Memory Usage (435868K) : gatpoly_drw has 10 polygons
2025-09-01 14:28:35 +0200: Memory Usage (436124K) : gatpoly_pin has 0 polygons
2025-09-01 14:28:35 +0200: Memory Usage (436124K) : gatpoly_filler has 15044 polygons
2025-09-01 14:28:35 +0200: Memory Usage (436124K) : gatpoly_nofill has 2 polygons
2025-09-01 14:28:35 +0200: Memory Usage (436124K) : gatpoly_opc has 0 polygons
2025-09-01 14:28:35 +0200: Memory Usage (436124K) : gatpoly_iopc has 0 polygons
2025-09-01 14:28:35 +0200: Memory Usage (436124K) : gatpoly_noqrc has 0 polygons
2025-09-01 14:28:35 +0200: Memory Usage (436380K) : cont_drw has 110 polygons
2025-09-01 14:28:35 +0200: Memory Usage (436380K) : cont_opc has 0 polygons
2025-09-01 14:28:35 +0200: Memory Usage (436380K) : nsd_drw has 4 polygons
2025-09-01 14:28:35 +0200: Memory Usage (436380K) : nsd_block has 10 polygons
2025-09-01 14:28:35 +0200: Memory Usage (436380K) : metal1_drw has 162 polygons
2025-09-01 14:28:35 +0200: Memory Usage (436636K) : metal1_pin has 18 polygons
2025-09-01 14:28:35 +0200: Memory Usage (436636K) : metal1_mask has 0 polygons
2025-09-01 14:28:35 +0200: Memory Usage (436636K) : metal1_filler has 15532 polygons
2025-09-01 14:28:35 +0200: Memory Usage (436636K) : metal1_nofill has 15 polygons
2025-09-01 14:28:35 +0200: Memory Usage (436636K) : metal1_slit has 0 polygons
2025-09-01 14:28:35 +0200: Memory Usage (436892K) : metal1_text has 0 polygons
2025-09-01 14:28:35 +0200: Memory Usage (436892K) : metal1_opc has 0 polygons
2025-09-01 14:28:35 +0200: Memory Usage (437148K) : metal1_noqrc has 0 polygons
2025-09-01 14:28:35 +0200: Memory Usage (437148K) : metal1_res has 0 polygons
2025-09-01 14:28:35 +0200: Memory Usage (437148K) : metal1_iprobe has 0 polygons
2025-09-01 14:28:35 +0200: Memory Usage (437148K) : metal1_diffprb has 0 polygons
2025-09-01 14:28:35 +0200: Memory Usage (437148K) : passiv_drw has 21 polygons
2025-09-01 14:28:35 +0200: Memory Usage (437148K) : passiv_pin has 0 polygons
2025-09-01 14:28:35 +0200: Memory Usage (437404K) : passiv_sbump has 0 polygons
2025-09-01 14:28:35 +0200: Memory Usage (437404K) : passiv_pillar has 0 polygons
2025-09-01 14:28:35 +0200: Memory Usage (437404K) : passiv_pdl has 0 polygons
2025-09-01 14:28:35 +0200: Memory Usage (437404K) : metal2_drw has 980 polygons
2025-09-01 14:28:35 +0200: Memory Usage (437404K) : metal2_pin has 1 polygons
2025-09-01 14:28:35 +0200: Memory Usage (437404K) : metal2_mask has 0 polygons
2025-09-01 14:28:35 +0200: Memory Usage (437660K) : metal2_filler has 12972 polygons
2025-09-01 14:28:35 +0200: Memory Usage (437660K) : metal2_nofill has 15 polygons
2025-09-01 14:28:35 +0200: Memory Usage (437660K) : metal2_slit has 0 polygons
2025-09-01 14:28:35 +0200: Memory Usage (437660K) : metal2_text has 0 polygons
2025-09-01 14:28:35 +0200: Memory Usage (437660K) : metal2_opc has 0 polygons
2025-09-01 14:28:35 +0200: Memory Usage (437660K) : metal2_noqrc has 0 polygons
2025-09-01 14:28:35 +0200: Memory Usage (437916K) : metal2_res has 0 polygons
2025-09-01 14:28:35 +0200: Memory Usage (437916K) : metal2_iprobe has 0 polygons
2025-09-01 14:28:35 +0200: Memory Usage (437916K) : metal2_diffprb has 0 polygons
2025-09-01 14:28:35 +0200: Memory Usage (437916K) : baspoly_drw has 0 polygons
2025-09-01 14:28:35 +0200: Memory Usage (437916K) : baspoly_pin has 0 polygons
2025-09-01 14:28:35 +0200: Memory Usage (437916K) : psd_drw has 48 polygons
2025-09-01 14:28:35 +0200: Memory Usage (438172K) : nldb_drw has 0 polygons
2025-09-01 14:28:35 +0200: Memory Usage (438172K) : digibnd_drw has 0 polygons
2025-09-01 14:28:35 +0200: Memory Usage (438428K) : via1_drw has 11698 polygons
2025-09-01 14:28:35 +0200: Memory Usage (438428K) : backmetal1_drw has 0 polygons
2025-09-01 14:28:35 +0200: Memory Usage (438428K) : backmetal1_pin has 0 polygons
2025-09-01 14:28:35 +0200: Memory Usage (438428K) : backmetal1_mask has 0 polygons
2025-09-01 14:28:35 +0200: Memory Usage (438428K) : backmetal1_filler has 0 polygons
2025-09-01 14:28:35 +0200: Memory Usage (438684K) : backmetal1_nofill has 0 polygons
2025-09-01 14:28:35 +0200: Memory Usage (438684K) : backmetal1_slit has 0 polygons
2025-09-01 14:28:35 +0200: Memory Usage (438684K) : backmetal1_text has 0 polygons
2025-09-01 14:28:35 +0200: Memory Usage (438684K) : backmetal1_opc has 0 polygons
2025-09-01 14:28:35 +0200: Memory Usage (438684K) : backmetal1_noqrc has 0 polygons
2025-09-01 14:28:35 +0200: Memory Usage (438684K) : backmetal1_res has 0 polygons
2025-09-01 14:28:35 +0200: Memory Usage (438940K) : backmetal1_iprobe has 0 polygons
2025-09-01 14:28:35 +0200: Memory Usage (438940K) : backmetal1_diffprb has 0 polygons
2025-09-01 14:28:35 +0200: Memory Usage (438940K) : backpassiv_drw has 0 polygons
2025-09-01 14:28:35 +0200: Memory Usage (438940K) : res_drw has 0 polygons
2025-09-01 14:28:35 +0200: Memory Usage (438940K) : sram_drw has 0 polygons
2025-09-01 14:28:35 +0200: Memory Usage (438940K) : trans_drw has 1 polygons
2025-09-01 14:28:35 +0200: Memory Usage (438940K) : ind_drw has 0 polygons
2025-09-01 14:28:35 +0200: Memory Usage (439196K) : ind_pin has 0 polygons
2025-09-01 14:28:35 +0200: Memory Usage (439196K) : ind_text has 0 polygons
2025-09-01 14:28:35 +0200: Memory Usage (439196K) : salblock_drw has 3 polygons
2025-09-01 14:28:35 +0200: Memory Usage (439964K) : via2_drw has 22878 polygons
2025-09-01 14:28:35 +0200: Memory Usage (439964K) : metal3_drw has 1181 polygons
2025-09-01 14:28:35 +0200: Memory Usage (439964K) : metal3_pin has 0 polygons
2025-09-01 14:28:35 +0200: Memory Usage (439964K) : metal3_mask has 0 polygons
2025-09-01 14:28:35 +0200: Memory Usage (439964K) : metal3_filler has 5671 polygons
2025-09-01 14:28:35 +0200: Memory Usage (439964K) : metal3_nofill has 15 polygons
2025-09-01 14:28:35 +0200: Memory Usage (439964K) : metal3_slit has 0 polygons
2025-09-01 14:28:35 +0200: Memory Usage (439964K) : metal3_text has 0 polygons
2025-09-01 14:28:35 +0200: Memory Usage (439964K) : metal3_opc has 0 polygons
2025-09-01 14:28:35 +0200: Memory Usage (439964K) : metal3_noqrc has 0 polygons
2025-09-01 14:28:35 +0200: Memory Usage (439964K) : metal3_res has 0 polygons
2025-09-01 14:28:35 +0200: Memory Usage (439964K) : metal3_iprobe has 0 polygons
2025-09-01 14:28:35 +0200: Memory Usage (440220K) : metal3_diffprb has 0 polygons
2025-09-01 14:28:35 +0200: Memory Usage (440220K) : nwell_drw has 0 polygons
2025-09-01 14:28:35 +0200: Memory Usage (440220K) : nwell_pin has 0 polygons
2025-09-01 14:28:35 +0200: Memory Usage (440220K) : nbulay_drw has 0 polygons
2025-09-01 14:28:35 +0200: Memory Usage (440220K) : nbulay_pin has 0 polygons
2025-09-01 14:28:35 +0200: Memory Usage (440220K) : nbulay_block has 0 polygons
2025-09-01 14:28:35 +0200: Memory Usage (440476K) : emwind_drw has 10 polygons
2025-09-01 14:28:35 +0200: Memory Usage (440476K) : emwind_opc has 0 polygons
2025-09-01 14:28:35 +0200: Memory Usage (440476K) : deepco_drw has 0 polygons
2025-09-01 14:28:35 +0200: Memory Usage (440476K) : deepco_drw has 0 polygons
2025-09-01 14:28:35 +0200: Memory Usage (440476K) : mim_drw has 7 polygons
2025-09-01 14:28:35 +0200: Memory Usage (440476K) : edgeseal_drw has 24 polygons
2025-09-01 14:28:35 +0200: Memory Usage (440732K) : edgeseal_bound has 1 polygons
2025-09-01 14:28:35 +0200: Memory Usage (440732K) : substrate_drw has 10 polygons
2025-09-01 14:28:35 +0200: Memory Usage (440732K) : substrate_text has 0 polygons
2025-09-01 14:28:35 +0200: Memory Usage (440732K) : dfpad_drw has 9 polygons
2025-09-01 14:28:35 +0200: Memory Usage (440732K) : dfpad_pillar has 0 polygons
2025-09-01 14:28:35 +0200: Memory Usage (440732K) : dfpad_sbump has 0 polygons
2025-09-01 14:28:35 +0200: Memory Usage (440732K) : thickgateox_drw has 0 polygons
2025-09-01 14:28:35 +0200: Memory Usage (440988K) : pldb_drw has 0 polygons
2025-09-01 14:28:35 +0200: Memory Usage (440988K) : pwell_drw has 0 polygons
2025-09-01 14:28:35 +0200: Memory Usage (440988K) : pwell_pin has 0 polygons
2025-09-01 14:28:35 +0200: Memory Usage (440988K) : pwell_block has 4 polygons
2025-09-01 14:28:35 +0200: Memory Usage (440988K) : ic_drw has 0 polygons
2025-09-01 14:28:36 +0200: Memory Usage (442372K) : via3_drw has 77068 polygons
2025-09-01 14:28:36 +0200: Memory Usage (442372K) : metal4_drw has 184 polygons
2025-09-01 14:28:36 +0200: Memory Usage (442372K) : metal4_pin has 0 polygons
2025-09-01 14:28:36 +0200: Memory Usage (442372K) : metal4_mask has 0 polygons
2025-09-01 14:28:36 +0200: Memory Usage (442372K) : metal4_filler has 9727 polygons
2025-09-01 14:28:36 +0200: Memory Usage (442372K) : metal4_nofill has 15 polygons
2025-09-01 14:28:36 +0200: Memory Usage (442372K) : metal4_slit has 0 polygons
2025-09-01 14:28:36 +0200: Memory Usage (442372K) : metal4_text has 0 polygons
2025-09-01 14:28:36 +0200: Memory Usage (442372K) : metal4_opc has 0 polygons
2025-09-01 14:28:36 +0200: Memory Usage (442372K) : metal4_noqrc has 0 polygons
2025-09-01 14:28:36 +0200: Memory Usage (442372K) : metal4_res has 0 polygons
2025-09-01 14:28:36 +0200: Memory Usage (442372K) : metal4_iprobe has 0 polygons
2025-09-01 14:28:36 +0200: Memory Usage (442372K) : metal4_diffprb has 0 polygons
2025-09-01 14:28:36 +0200: Memory Usage (442372K) : heattrans_drw has 0 polygons
2025-09-01 14:28:36 +0200: Memory Usage (442372K) : heatres_drw has 3 polygons
2025-09-01 14:28:36 +0200: Memory Usage (442372K) : pempoly_drw has 0 polygons
2025-09-01 14:28:36 +0200: Memory Usage (442372K) : fbe_drw has 0 polygons
2025-09-01 14:28:36 +0200: Memory Usage (442372K) : empoly_drw has 0 polygons
2025-09-01 14:28:36 +0200: Memory Usage (442372K) : ldmos_drw has 0 polygons
2025-09-01 14:28:36 +0200: Memory Usage (442372K) : pbiwind_drw has 0 polygons
2025-09-01 14:28:36 +0200: Memory Usage (442372K) : digisub_drw has 0 polygons
2025-09-01 14:28:36 +0200: Memory Usage (442372K) : nodrc_drw has 0 polygons
2025-09-01 14:28:36 +0200: Memory Usage (442628K) : text_drw has 20 polygons
2025-09-01 14:28:36 +0200: Memory Usage (443652K) : via4_drw has 77068 polygons
2025-09-01 14:28:36 +0200: Memory Usage (443652K) : metal5_drw has 202 polygons
2025-09-01 14:28:36 +0200: Memory Usage (443652K) : metal5_pin has 0 polygons
2025-09-01 14:28:36 +0200: Memory Usage (443652K) : metal5_mask has 0 polygons
2025-09-01 14:28:36 +0200: Memory Usage (443652K) : metal5_filler has 9727 polygons
2025-09-01 14:28:36 +0200: Memory Usage (443652K) : metal5_nofill has 15 polygons
2025-09-01 14:28:36 +0200: Memory Usage (443652K) : metal5_slit has 0 polygons
2025-09-01 14:28:36 +0200: Memory Usage (443652K) : metal5_text has 0 polygons
2025-09-01 14:28:36 +0200: Memory Usage (443652K) : metal5_opc has 0 polygons
2025-09-01 14:28:36 +0200: Memory Usage (443652K) : metal5_noqrc has 0 polygons
2025-09-01 14:28:36 +0200: Memory Usage (443652K) : metal5_res has 0 polygons
2025-09-01 14:28:36 +0200: Memory Usage (443652K) : metal5_iprobe has 0 polygons
2025-09-01 14:28:36 +0200: Memory Usage (443652K) : metal5_diffprb has 0 polygons
2025-09-01 14:28:36 +0200: Memory Usage (443652K) : radhard_drw has 0 polygons
2025-09-01 14:28:36 +0200: Memory Usage (443652K) : memcap_drw has 0 polygons
2025-09-01 14:28:36 +0200: Memory Usage (443652K) : varicap_drw has 0 polygons
2025-09-01 14:28:36 +0200: Memory Usage (443652K) : flash_drw has 0 polygons
2025-09-01 14:28:36 +0200: Memory Usage (443652K) : intbondvia_drw has 0 polygons
2025-09-01 14:28:36 +0200: Memory Usage (443652K) : intbondmet_drw has 0 polygons
2025-09-01 14:28:36 +0200: Memory Usage (443652K) : devbondvia_drw has 0 polygons
2025-09-01 14:28:36 +0200: Memory Usage (443652K) : devbondmet_drw has 0 polygons
2025-09-01 14:28:36 +0200: Memory Usage (443652K) : devtrench_drw has 0 polygons
2025-09-01 14:28:36 +0200: Memory Usage (443652K) : redist_drw has 0 polygons
2025-09-01 14:28:36 +0200: Memory Usage (443652K) : graphbot_drw has 0 polygons
2025-09-01 14:28:36 +0200: Memory Usage (443652K) : graphtop_drw has 0 polygons
2025-09-01 14:28:36 +0200: Memory Usage (443652K) : antvia1_drw has 0 polygons
2025-09-01 14:28:36 +0200: Memory Usage (443652K) : antmetal2_drw has 0 polygons
2025-09-01 14:28:36 +0200: Memory Usage (443652K) : graphcont_drw has 0 polygons
2025-09-01 14:28:36 +0200: Memory Usage (443652K) : siwg_drw has 0 polygons
2025-09-01 14:28:36 +0200: Memory Usage (443652K) : siwg_filler has 0 polygons
2025-09-01 14:28:36 +0200: Memory Usage (443652K) : siwg_nofill has 0 polygons
2025-09-01 14:28:36 +0200: Memory Usage (443652K) : sigrating_drw has 0 polygons
2025-09-01 14:28:36 +0200: Memory Usage (443652K) : singrating_drw has 0 polygons
2025-09-01 14:28:36 +0200: Memory Usage (443652K) : graphpas_drw has 0 polygons
2025-09-01 14:28:36 +0200: Memory Usage (443652K) : emwind3_drw has 0 polygons
2025-09-01 14:28:36 +0200: Memory Usage (443652K) : emwihv3_drw has 0 polygons
2025-09-01 14:28:36 +0200: Memory Usage (443652K) : redbulay_drw has 0 polygons
2025-09-01 14:28:36 +0200: Memory Usage (443652K) : smos_drw has 0 polygons
2025-09-01 14:28:36 +0200: Memory Usage (443652K) : graphpad_drw has 0 polygons
2025-09-01 14:28:36 +0200: Memory Usage (443652K) : polimide_drw has 0 polygons
2025-09-01 14:28:36 +0200: Memory Usage (443652K) : polimide_pin has 0 polygons
2025-09-01 14:28:36 +0200: Memory Usage (443652K) : recog_drw has 0 polygons
2025-09-01 14:28:36 +0200: Memory Usage (443652K) : recog_pin has 0 polygons
2025-09-01 14:28:36 +0200: Memory Usage (443652K) : recog_esd has 0 polygons
2025-09-01 14:28:36 +0200: Memory Usage (443652K) : recog_diode has 0 polygons
2025-09-01 14:28:36 +0200: Memory Usage (443652K) : recog_tsv has 0 polygons
2025-09-01 14:28:36 +0200: Memory Usage (443652K) : recog_iprobe has 0 polygons
2025-09-01 14:28:36 +0200: Memory Usage (443652K) : recog_diffprb has 0 polygons
2025-09-01 14:28:36 +0200: Memory Usage (443652K) : recog_pillar has 0 polygons
2025-09-01 14:28:36 +0200: Memory Usage (443652K) : recog_sbump has 0 polygons
2025-09-01 14:28:36 +0200: Memory Usage (443652K) : recog_otp has 0 polygons
2025-09-01 14:28:36 +0200: Memory Usage (443652K) : recog_pdiode has 0 polygons
2025-09-01 14:28:36 +0200: Memory Usage (443652K) : recog_mom has 0 polygons
2025-09-01 14:28:36 +0200: Memory Usage (443652K) : recog_pcm has 0 polygons
2025-09-01 14:28:36 +0200: Memory Usage (443652K) : colopen_drw has 0 polygons
2025-09-01 14:28:36 +0200: Memory Usage (443652K) : graphmetal1_drw has 0 polygons
2025-09-01 14:28:36 +0200: Memory Usage (443652K) : graphmetal1_filler has 0 polygons
2025-09-01 14:28:36 +0200: Memory Usage (443652K) : graphmetal1_nofill has 0 polygons
2025-09-01 14:28:36 +0200: Memory Usage (443652K) : graphmetal1_slit has 0 polygons
2025-09-01 14:28:36 +0200: Memory Usage (443652K) : graphmetal1_opc has 0 polygons
2025-09-01 14:28:36 +0200: Memory Usage (443652K) : graphmet1l_drw has 0 polygons
2025-09-01 14:28:36 +0200: Memory Usage (443652K) : graphmet1l_filler has 0 polygons
2025-09-01 14:28:36 +0200: Memory Usage (443652K) : graphmet1l_nofill has 0 polygons
2025-09-01 14:28:36 +0200: Memory Usage (443652K) : graphmet1l_slit has 0 polygons
2025-09-01 14:28:36 +0200: Memory Usage (443652K) : graphmet1l_opc has 0 polygons
2025-09-01 14:28:36 +0200: Memory Usage (443652K) : extblock_drw has 9 polygons
2025-09-01 14:28:36 +0200: Memory Usage (443652K) : nldd_drw has 0 polygons
2025-09-01 14:28:36 +0200: Memory Usage (443652K) : pldd_drw has 0 polygons
2025-09-01 14:28:36 +0200: Memory Usage (443652K) : next_drw has 0 polygons
2025-09-01 14:28:36 +0200: Memory Usage (443652K) : pext_drw has 0 polygons
2025-09-01 14:28:36 +0200: Memory Usage (443652K) : nexthv_drw has 0 polygons
2025-09-01 14:28:36 +0200: Memory Usage (443652K) : pexthv_drw has 0 polygons
2025-09-01 14:28:36 +0200: Memory Usage (443652K) : graphgate_drw has 0 polygons
2025-09-01 14:28:36 +0200: Memory Usage (443652K) : sinwg_drw has 0 polygons
2025-09-01 14:28:36 +0200: Memory Usage (443652K) : sinwg_filler has 0 polygons
2025-09-01 14:28:36 +0200: Memory Usage (443652K) : sinwg_nofill has 0 polygons
2025-09-01 14:28:36 +0200: Memory Usage (443652K) : mempad_drw has 0 polygons
2025-09-01 14:28:36 +0200: Memory Usage (443652K) : topvia1_drw has 20390 polygons
2025-09-01 14:28:36 +0200: Memory Usage (443652K) : topmetal1_drw has 88 polygons
2025-09-01 14:28:36 +0200: Memory Usage (443652K) : topmetal1_pin has 0 polygons
2025-09-01 14:28:36 +0200: Memory Usage (443652K) : topmetal1_mask has 0 polygons
2025-09-01 14:28:36 +0200: Memory Usage (443652K) : topmetal1_filler has 2868 polygons
2025-09-01 14:28:36 +0200: Memory Usage (443652K) : topmetal1_nofill has 15 polygons
2025-09-01 14:28:36 +0200: Memory Usage (443652K) : topmetal1_slit has 0 polygons
2025-09-01 14:28:36 +0200: Memory Usage (443652K) : topmetal1_text has 0 polygons
2025-09-01 14:28:36 +0200: Memory Usage (443652K) : topmetal1_noqrc has 0 polygons
2025-09-01 14:28:36 +0200: Memory Usage (443652K) : topmetal1_res has 0 polygons
2025-09-01 14:28:36 +0200: Memory Usage (443652K) : topmetal1_iprobe has 0 polygons
2025-09-01 14:28:36 +0200: Memory Usage (443652K) : topmetal1_diffprb has 0 polygons
2025-09-01 14:28:36 +0200: Memory Usage (443652K) : inldpwl_drw has 0 polygons
2025-09-01 14:28:36 +0200: Memory Usage (443652K) : polyres_drw has 3 polygons
2025-09-01 14:28:36 +0200: Memory Usage (443652K) : polyres_pin has 0 polygons
2025-09-01 14:28:36 +0200: Memory Usage (443652K) : vmim_drw has 819 polygons
2025-09-01 14:28:36 +0200: Memory Usage (443652K) : nbulaycut_drw has 0 polygons
2025-09-01 14:28:36 +0200: Memory Usage (443652K) : antmetal1_drw has 0 polygons
2025-09-01 14:28:36 +0200: Memory Usage (443908K) : topvia2_drw has 4693 polygons
2025-09-01 14:28:36 +0200: Memory Usage (443908K) : topmetal2_drw has 120 polygons
2025-09-01 14:28:36 +0200: Memory Usage (443908K) : topmetal2_pin has 5 polygons
2025-09-01 14:28:36 +0200: Memory Usage (443908K) : topmetal2_mask has 0 polygons
2025-09-01 14:28:36 +0200: Memory Usage (444164K) : topmetal2_filler has 2442 polygons
2025-09-01 14:28:36 +0200: Memory Usage (444164K) : topmetal2_nofill has 16 polygons
2025-09-01 14:28:36 +0200: Memory Usage (444164K) : topmetal2_slit has 0 polygons
2025-09-01 14:28:36 +0200: Memory Usage (444164K) : topmetal2_text has 5 polygons
2025-09-01 14:28:36 +0200: Memory Usage (444164K) : topmetal2_noqrc has 0 polygons
2025-09-01 14:28:36 +0200: Memory Usage (444164K) : topmetal2_res has 0 polygons
2025-09-01 14:28:36 +0200: Memory Usage (444164K) : topmetal2_iprobe has 0 polygons
2025-09-01 14:28:36 +0200: Memory Usage (444420K) : topmetal2_diffprb has 0 polygons
2025-09-01 14:28:36 +0200: Memory Usage (444420K) : snsring_drw has 0 polygons
2025-09-01 14:28:36 +0200: Memory Usage (444420K) : sensor_drw has 0 polygons
2025-09-01 14:28:36 +0200: Memory Usage (444420K) : snsarms_drw has 0 polygons
2025-09-01 14:28:36 +0200: Memory Usage (444420K) : snscmosvia_drw has 0 polygons
2025-09-01 14:28:36 +0200: Memory Usage (444420K) : colwind_drw has 0 polygons
2025-09-01 14:28:36 +0200: Memory Usage (444420K) : flm_drw has 0 polygons
2025-09-01 14:28:36 +0200: Memory Usage (444676K) : hafniumox_drw has 0 polygons
2025-09-01 14:28:36 +0200: Memory Usage (444676K) : memvia_drw has 0 polygons
2025-09-01 14:28:36 +0200: Memory Usage (444676K) : thinfilmres_drw has 0 polygons
2025-09-01 14:28:36 +0200: Memory Usage (444676K) : rfmem_drw has 0 polygons
2025-09-01 14:28:36 +0200: Memory Usage (444676K) : norcx_drw has 0 polygons
2025-09-01 14:28:36 +0200: Memory Usage (444676K) : norcx_m2m3 has 0 polygons
2025-09-01 14:28:36 +0200: Memory Usage (444932K) : norcx_m2m4 has 0 polygons
2025-09-01 14:28:36 +0200: Memory Usage (444932K) : norcx_m2m5 has 0 polygons
2025-09-01 14:28:36 +0200: Memory Usage (444932K) : norcx_m2tm1 has 0 polygons
2025-09-01 14:28:36 +0200: Memory Usage (444932K) : norcx_m2tm2 has 0 polygons
2025-09-01 14:28:36 +0200: Memory Usage (444932K) : norcx_m3m4 has 0 polygons
2025-09-01 14:28:36 +0200: Memory Usage (444932K) : norcx_m3m5 has 0 polygons
2025-09-01 14:28:36 +0200: Memory Usage (445188K) : norcx_m3tm1 has 0 polygons
2025-09-01 14:28:36 +0200: Memory Usage (445188K) : norcx_m3tm2 has 0 polygons
2025-09-01 14:28:36 +0200: Memory Usage (445188K) : norcx_m4m5 has 0 polygons
2025-09-01 14:28:36 +0200: Memory Usage (445188K) : norcx_m4tm1 has 0 polygons
2025-09-01 14:28:36 +0200: Memory Usage (445188K) : norcx_m4tm2 has 0 polygons
2025-09-01 14:28:36 +0200: Memory Usage (445188K) : norcx_m5tm1 has 0 polygons
2025-09-01 14:28:36 +0200: Memory Usage (445444K) : norcx_m5tm2 has 0 polygons
2025-09-01 14:28:36 +0200: Memory Usage (445444K) : norcx_tm1tm2 has 0 polygons
2025-09-01 14:28:36 +0200: Memory Usage (445444K) : norcx_m1sub has 0 polygons
2025-09-01 14:28:36 +0200: Memory Usage (445444K) : norcx_m2sub has 0 polygons
2025-09-01 14:28:36 +0200: Memory Usage (445444K) : norcx_m3sub has 0 polygons
2025-09-01 14:28:36 +0200: Memory Usage (445444K) : norcx_m4sub has 0 polygons
2025-09-01 14:28:36 +0200: Memory Usage (445700K) : norcx_m5sub has 0 polygons
2025-09-01 14:28:36 +0200: Memory Usage (445700K) : norcx_tm1sub has 0 polygons
2025-09-01 14:28:36 +0200: Memory Usage (445700K) : norcx_tm2sub has 0 polygons
2025-09-01 14:28:36 +0200: Memory Usage (445700K) : snsbotvia_drw has 0 polygons
2025-09-01 14:28:36 +0200: Memory Usage (445700K) : snstopvia_drw has 0 polygons
2025-09-01 14:28:36 +0200: Memory Usage (445700K) : deepvia_drw has 0 polygons
2025-09-01 14:28:36 +0200: Memory Usage (445956K) : fgetch_drw has 0 polygons
2025-09-01 14:28:36 +0200: Memory Usage (445956K) : ctrgat_drw has 0 polygons
2025-09-01 14:28:36 +0200: Memory Usage (445956K) : fgimp_drw has 0 polygons
2025-09-01 14:28:36 +0200: Memory Usage (445956K) : emwihv_drw has 0 polygons
2025-09-01 14:28:36 +0200: Memory Usage (445956K) : lbe_drw has 0 polygons
2025-09-01 14:28:36 +0200: Memory Usage (445956K) : alcustop_drw has 0 polygons
2025-09-01 14:28:36 +0200: Memory Usage (446212K) : nometfiller_drw has 0 polygons
2025-09-01 14:28:36 +0200: Memory Usage (446212K) : prboundary_drw has 0 polygons
2025-09-01 14:28:36 +0200: Memory Usage (446212K) : exchange0_drw has 0 polygons
2025-09-01 14:28:36 +0200: Memory Usage (446212K) : exchange0_pin has 0 polygons
2025-09-01 14:28:36 +0200: Memory Usage (446212K) : exchange0_text has 0 polygons
2025-09-01 14:28:36 +0200: Memory Usage (446212K) : exchange1_drw has 0 polygons
2025-09-01 14:28:36 +0200: Memory Usage (446468K) : exchange1_pin has 0 polygons
2025-09-01 14:28:36 +0200: Memory Usage (446468K) : exchange1_text has 0 polygons
2025-09-01 14:28:36 +0200: Memory Usage (446468K) : exchange2_drw has 0 polygons
2025-09-01 14:28:36 +0200: Memory Usage (446468K) : exchange2_pin has 0 polygons
2025-09-01 14:28:36 +0200: Memory Usage (446468K) : exchange2_text has 0 polygons
2025-09-01 14:28:36 +0200: Memory Usage (446468K) : exchange3_drw has 0 polygons
2025-09-01 14:28:36 +0200: Memory Usage (446468K) : exchange3_pin has 0 polygons
2025-09-01 14:28:36 +0200: Memory Usage (446724K) : exchange3_text has 0 polygons
2025-09-01 14:28:36 +0200: Memory Usage (446724K) : exchange4_drw has 0 polygons
2025-09-01 14:28:36 +0200: Memory Usage (446724K) : exchange4_pin has 0 polygons
2025-09-01 14:28:36 +0200: Memory Usage (446724K) : exchange4_text has 0 polygons
2025-09-01 14:28:36 +0200: Memory Usage (446724K) : isonwell_drw has 0 polygons
2025-09-01 14:28:36 +0200: Memory Usage (446724K) : Total no. of polygons in the design is 307075
2025-09-01 14:28:36 +0200: Memory Usage (446724K) : Loaded TECH DRC rules values from /home/pedersen/IHP-Open-PDK/ihp-sg13g2/libs.tech/klayout/python/sg13g2_pycell_lib/sg13g2_tech_mod.json
2025-09-01 14:28:36 +0200: Memory Usage (446724K) : Loaded default DRC rules values from /home/pedersen/IHP-Open-PDK/ihp-sg13g2/libs.tech/klayout/tech/drc/rule_decks/sg13g2_tech_default.json
2025-09-01 14:28:36 +0200: Memory Usage (446684K) : Total area of the design is 525000.0 um^2.
2025-09-01 14:28:36 +0200: Memory Usage (446684K) : The design dimensions are 700.0 µm * 750.0 µm.
2025-09-01 14:28:36 +0200: Memory Usage (446684K) : Starting general IHP-SG13G2 derivations.
2025-09-01 14:28:36 +0200: Memory Usage (446684K) : Starting Pwell derivations
2025-09-01 14:28:36 +0200: Memory Usage (448220K) : Starting n-Activ derivations
2025-09-01 14:28:36 +0200: Memory Usage (448476K) : Starting p-Activ derivations
2025-09-01 14:28:36 +0200: Memory Usage (448476K) : Starting ptap derivations
2025-09-01 14:28:36 +0200: Memory Usage (448476K) : Starting ntap derivations
2025-09-01 14:28:36 +0200: Memory Usage (448476K) : Starting pact FET derivations
2025-09-01 14:28:36 +0200: Memory Usage (448476K) : Starting nact FET derivations
2025-09-01 14:28:36 +0200: Memory Usage (448476K) : Starting Gate derivations
2025-09-01 14:28:36 +0200: Memory Usage (448476K) : Starting cont/contbar general derivations
2025-09-01 14:28:36 +0200: Memory Usage (448476K) : Starting pad general derivations
2025-09-01 14:28:36 +0200: Memory Usage (448476K) : Starting IHP-SG13G2 DRC connectivity related derivations.
2025-09-01 14:28:37 +0200: Memory Usage (451548K) : Starting IHP-SG13G2 DRC connectivity setup
2025-09-01 14:28:39 +0200: Memory Usage (481628K) : Starting IHP-SG13G2 DRC rules.
2025-09-01 14:28:39 +0200: Memory Usage (481628K) : Running all FEOL rules
2025-09-01 14:28:39 +0200: Memory Usage (481628K) : Running all BEOL rules
2025-09-01 14:28:39 +0200: Memory Usage (481628K) : Starting 3.2. FORBIDDEN table
2025-09-01 14:28:39 +0200: Memory Usage (481628K) : Executing rule forbidden.biwind
2025-09-01 14:28:39 +0200: Memory Usage (481628K) : Executing rule forbidden.pemwind
2025-09-01 14:28:39 +0200: Memory Usage (481628K) : Executing rule forbidden.baspoly
2025-09-01 14:28:39 +0200: Memory Usage (481628K) : Executing rule forbidden.deepco
2025-09-01 14:28:39 +0200: Memory Usage (481628K) : Executing rule forbidden.pempoly
2025-09-01 14:28:39 +0200: Memory Usage (481628K) : Executing rule forbidden.empoly
2025-09-01 14:28:39 +0200: Memory Usage (481628K) : Executing rule forbidden.ldmos
2025-09-01 14:28:39 +0200: Memory Usage (481628K) : Executing rule forbidden.pbiwind
2025-09-01 14:28:39 +0200: Memory Usage (481628K) : Executing rule forbidden.nodrc
2025-09-01 14:28:39 +0200: Memory Usage (481628K) : Executing rule forbidden.flash
2025-09-01 14:28:39 +0200: Memory Usage (481628K) : Executing rule forbidden.colwind
2025-09-01 14:28:39 +0200: Memory Usage (481628K) : Starting 5.1 NWell table
2025-09-01 14:28:39 +0200: Memory Usage (481628K) : Executing rule NW.b
2025-09-01 14:28:39 +0200: Memory Usage (481884K) : Executing rule NW.b1
2025-09-01 14:28:39 +0200: Memory Usage (481884K) : Starting 5.2 PWell:block
2025-09-01 14:28:39 +0200: Memory Usage (481884K) : Executing rule PWB.e
2025-09-01 14:28:39 +0200: Memory Usage (481884K) : Executing rule PWB.e1
2025-09-01 14:28:39 +0200: Memory Usage (481884K) : Executing rule PWB.f
2025-09-01 14:28:39 +0200: Memory Usage (481884K) : Executing rule PWB.f1
2025-09-01 14:28:39 +0200: Memory Usage (481884K) : Starting 5.3 nBuLay table
2025-09-01 14:28:39 +0200: Memory Usage (481884K) : Executing rule NBL.b
2025-09-01 14:28:39 +0200: Memory Usage (481884K) : Executing rule NBL.c
2025-09-01 14:28:39 +0200: Memory Usage (481884K) : Executing rule NBL.d
2025-09-01 14:28:39 +0200: Memory Usage (481884K) : Executing rule NBL.e
2025-09-01 14:28:39 +0200: Memory Usage (481884K) : Executing rule NBL.f
2025-09-01 14:28:39 +0200: Memory Usage (481884K) : Starting 5.5. Activ table
2025-09-01 14:28:39 +0200: Memory Usage (481884K) : Executing rule Act.a
2025-09-01 14:28:39 +0200: Memory Usage (481884K) : Executing rule Act.b
2025-09-01 14:28:39 +0200: Memory Usage (481884K) : Starting 5.6 Activ:filler table
2025-09-01 14:28:39 +0200: Memory Usage (481884K) : Executing rule AFil.c1
2025-09-01 14:28:39 +0200: Memory Usage (488796K) : Executing rule AFil.c
2025-09-01 14:28:40 +0200: Memory Usage (488796K) : Executing rule AFil.d
2025-09-01 14:28:40 +0200: Memory Usage (488796K) : Executing rule AFil.e
2025-09-01 14:28:40 +0200: Memory Usage (488796K) : Executing rule AFil.j
2025-09-01 14:28:40 +0200: Memory Usage (488796K) : Starting 5.7. ThickGateOx table
2025-09-01 14:28:40 +0200: Memory Usage (488796K) : Executing rule TGO.f
2025-09-01 14:28:40 +0200: Memory Usage (488796K) : Starting 5.8. GatPoly table
2025-09-01 14:28:40 +0200: Memory Usage (488796K) : Executing rule Gat.a
2025-09-01 14:28:40 +0200: Memory Usage (488796K) : Executing rule Gat.b
2025-09-01 14:28:40 +0200: Memory Usage (488796K) : Executing rule Gat.d
2025-09-01 14:28:40 +0200: Memory Usage (488796K) : Executing rule Gat.a1
2025-09-01 14:28:40 +0200: Memory Usage (489052K) : Executing rule Gat.a2
2025-09-01 14:28:40 +0200: Memory Usage (489052K) : Executing rule Gat.g
2025-09-01 14:28:40 +0200: Memory Usage (489052K) : Starting 5.9 GatPoly:filler
2025-09-01 14:28:40 +0200: Memory Usage (489052K) : Executing rule GFil.d
2025-09-01 14:28:40 +0200: Memory Usage (489052K) : Executing rule GFil.e
2025-09-01 14:28:40 +0200: Memory Usage (489052K) : Executing rule GFil.i
2025-09-01 14:28:40 +0200: Memory Usage (489052K) : Starting 5.10 pSD table
2025-09-01 14:28:40 +0200: Memory Usage (489052K) : Executing rule pSD.c1
2025-09-01 14:28:40 +0200: Memory Usage (489052K) : Starting 5.14. Cont table
2025-09-01 14:28:40 +0200: Memory Usage (489052K) : Executing rule Cnt.a
2025-09-01 14:28:40 +0200: Memory Usage (489052K) : Executing rule Cnt.b
2025-09-01 14:28:40 +0200: Memory Usage (489052K) : Executing rule Cnt.c
2025-09-01 14:28:40 +0200: Memory Usage (489052K) : Executing rule Cnt.d
2025-09-01 14:28:40 +0200: Memory Usage (489052K) : Executing rule Cnt.e
2025-09-01 14:28:40 +0200: Memory Usage (489052K) : Executing rule Cnt.g1
2025-09-01 14:28:40 +0200: Memory Usage (489052K) : Executing rule Cnt.g2
2025-09-01 14:28:40 +0200: Memory Usage (489052K) : Starting 5.15. ContBar table
2025-09-01 14:28:40 +0200: Memory Usage (489052K) : Executing rule CntB.b1
2025-09-01 14:28:40 +0200: Memory Usage (489052K) : Executing rule CntB.h1
2025-09-01 14:28:40 +0200: Memory Usage (489308K) : Starting 5.16. Metal1 table
2025-09-01 14:28:40 +0200: Memory Usage (489308K) : Executing rule M1.a
2025-09-01 14:28:40 +0200: Memory Usage (489308K) : Executing rule M1.b
2025-09-01 14:28:40 +0200: Memory Usage (489308K) : Executing rule M1.e
2025-09-01 14:28:41 +0200: Memory Usage (489308K) : Executing rule M1.f
2025-09-01 14:28:41 +0200: Memory Usage (489308K) : Executing rule M1.g
2025-09-01 14:28:41 +0200: Memory Usage (489564K) : Executing rule M1.i
2025-09-01 14:28:41 +0200: Memory Usage (489564K) : Starting 5.17 Metaln table
2025-09-01 14:28:41 +0200: Memory Usage (489564K) : Executing rule M2.a
2025-09-01 14:28:41 +0200: Memory Usage (489564K) : Executing rule M2.b
2025-09-01 14:28:41 +0200: Memory Usage (489564K) : Executing rule M2.e
2025-09-01 14:28:41 +0200: Memory Usage (489564K) : Executing rule M2.f
2025-09-01 14:28:41 +0200: Memory Usage (489564K) : Executing rule M2.g
2025-09-01 14:28:41 +0200: Memory Usage (489564K) : Executing rule M2.i
2025-09-01 14:28:41 +0200: Memory Usage (489564K) : Executing rule M3.a
2025-09-01 14:28:41 +0200: Memory Usage (489564K) : Executing rule M3.b
2025-09-01 14:28:41 +0200: Memory Usage (489564K) : Executing rule M3.e
2025-09-01 14:28:41 +0200: Memory Usage (489564K) : Executing rule M3.f
2025-09-01 14:28:41 +0200: Memory Usage (489564K) : Executing rule M3.g
2025-09-01 14:28:42 +0200: Memory Usage (489564K) : Executing rule M3.i
2025-09-01 14:28:42 +0200: Memory Usage (489564K) : Executing rule M4.a
2025-09-01 14:28:42 +0200: Memory Usage (489564K) : Executing rule M4.b
2025-09-01 14:28:42 +0200: Memory Usage (489564K) : Executing rule M4.e
2025-09-01 14:28:42 +0200: Memory Usage (489564K) : Executing rule M4.f
2025-09-01 14:28:42 +0200: Memory Usage (489564K) : Executing rule M4.g
2025-09-01 14:28:42 +0200: Memory Usage (489564K) : Executing rule M4.i
2025-09-01 14:28:42 +0200: Memory Usage (489564K) : Executing rule M5.a
2025-09-01 14:28:42 +0200: Memory Usage (489564K) : Executing rule M5.b
2025-09-01 14:28:42 +0200: Memory Usage (489564K) : Executing rule M5.e
2025-09-01 14:28:42 +0200: Memory Usage (489564K) : Executing rule M5.f
2025-09-01 14:28:42 +0200: Memory Usage (489564K) : Executing rule M5.g
2025-09-01 14:28:42 +0200: Memory Usage (489564K) : Executing rule M5.i
2025-09-01 14:28:42 +0200: Memory Usage (489564K) : Starting 5.18 Metaln:filler table
2025-09-01 14:28:42 +0200: Memory Usage (489564K) : Executing rule M1Fil.c
2025-09-01 14:28:42 +0200: Memory Usage (489820K) : Executing rule M1Fil.a2
2025-09-01 14:28:42 +0200: Memory Usage (489820K) : Executing rule M2Fil.c
2025-09-01 14:28:42 +0200: Memory Usage (489820K) : Executing rule M2Fil.a2
2025-09-01 14:28:42 +0200: Memory Usage (489820K) : Executing rule M3Fil.c
2025-09-01 14:28:43 +0200: Memory Usage (489820K) : Executing rule M3Fil.a2
2025-09-01 14:28:43 +0200: Memory Usage (489820K) : Executing rule M4Fil.c
2025-09-01 14:28:43 +0200: Memory Usage (489820K) : Executing rule M4Fil.a2
2025-09-01 14:28:43 +0200: Memory Usage (489820K) : Executing rule M5Fil.c
2025-09-01 14:28:43 +0200: Memory Usage (489820K) : Executing rule M5Fil.a2
2025-09-01 14:28:43 +0200: Memory Usage (489820K) : Starting 5.19. Via1 table
2025-09-01 14:28:43 +0200: Memory Usage (489820K) : Starting 5.19. Via1 table derivations
2025-09-01 14:28:43 +0200: Memory Usage (489820K) : Executing rule V1.a
2025-09-01 14:28:43 +0200: Memory Usage (490332K) : Executing rule V1.b
2025-09-01 14:28:43 +0200: Memory Usage (490332K) : Executing rule V1.c
2025-09-01 14:28:43 +0200: Memory Usage (490332K) : Starting 5.20. Vian table
2025-09-01 14:28:43 +0200: Memory Usage (490332K) : Executing rule V2.a
2025-09-01 14:28:43 +0200: Memory Usage (492636K) : Executing rule V2.b
2025-09-01 14:28:44 +0200: Memory Usage (492636K) : Executing rule V2.c
2025-09-01 14:28:44 +0200: Memory Usage (496220K) : Executing rule V3.a
2025-09-01 14:28:44 +0200: Memory Usage (499432K) : Executing rule V3.b
2025-09-01 14:28:45 +0200: Memory Usage (503272K) : Executing rule V3.c
2025-09-01 14:28:46 +0200: Memory Usage (532968K) : Executing rule V4.a
2025-09-01 14:28:47 +0200: Memory Usage (536808K) : Executing rule V4.b
2025-09-01 14:28:47 +0200: Memory Usage (536808K) : Executing rule V4.c
2025-09-01 14:28:48 +0200: Memory Usage (541160K) : Starting 5.21. TopVia1 table
2025-09-01 14:28:48 +0200: Memory Usage (541160K) : Executing rule TV1.a
2025-09-01 14:28:48 +0200: Memory Usage (541160K) : Executing rule TV1.b
2025-09-01 14:28:48 +0200: Memory Usage (541160K) : Executing rule TV1.c
2025-09-01 14:28:48 +0200: Memory Usage (541160K) : Executing rule TV1.d
2025-09-01 14:28:48 +0200: Memory Usage (541160K) : Starting 5.22. TopMetal1 table
2025-09-01 14:28:48 +0200: Memory Usage (541160K) : Executing rule TM1.a
2025-09-01 14:28:48 +0200: Memory Usage (541160K) : Executing rule TM1.b
2025-09-01 14:28:49 +0200: Memory Usage (541160K) : Starting 5.23 TopMetal1:filler table
2025-09-01 14:28:49 +0200: Memory Usage (541160K) : Executing rule TM1Fil.c
2025-09-01 14:28:49 +0200: Memory Usage (541160K) : Executing rule TM1Fil.a1
2025-09-01 14:28:49 +0200: Memory Usage (541160K) : Starting 5.24. TopVia2 table
2025-09-01 14:28:49 +0200: Memory Usage (541160K) : Executing rule TV2.a
2025-09-01 14:28:49 +0200: Memory Usage (541160K) : Executing rule TV2.b
2025-09-01 14:28:49 +0200: Memory Usage (541160K) : Executing rule TV2.c
2025-09-01 14:28:49 +0200: Memory Usage (541160K) : Executing rule TV2.d
2025-09-01 14:28:49 +0200: Memory Usage (541160K) : Starting 5.25. TopMetal2 table
2025-09-01 14:28:49 +0200: Memory Usage (541160K) : Executing rule TM2.a
2025-09-01 14:28:49 +0200: Memory Usage (541160K) : Executing rule TM2.b
2025-09-01 14:28:49 +0200: Memory Usage (541160K) : Executing rule TM2.bR
2025-09-01 14:28:49 +0200: Memory Usage (541160K) : Starting 5.26 TopMetal2:filler table
2025-09-01 14:28:49 +0200: Memory Usage (541160K) : Executing rule TM2Fil.c
2025-09-01 14:28:49 +0200: Memory Usage (541160K) : Executing rule TM2Fil.a1
2025-09-01 14:28:49 +0200: Memory Usage (541160K) : Starting 5.27. Passiv table
2025-09-01 14:28:49 +0200: Memory Usage (541160K) : Executing rule Pas.a
2025-09-01 14:28:49 +0200: Memory Usage (541160K) : Executing rule Pas.b
2025-09-01 14:28:49 +0200: Memory Usage (541160K) : Executing rule Pas.c
2025-09-01 14:28:49 +0200: Memory Usage (541160K) : Starting 6.1.3 NPN Substrate-Tie table
2025-09-01 14:28:50 +0200: Memory Usage (541160K) : Executing rule npn13G2.bR 
2025-09-01 14:28:50 +0200: Memory Usage (541160K) : Executing rule npn13G2L.cR 
2025-09-01 14:28:50 +0200: Memory Usage (541160K) : Executing rule npn13G2V.cR 
2025-09-01 14:28:50 +0200: Memory Usage (541160K) : Starting 6.7 Schottky diode table
2025-09-01 14:28:50 +0200: Memory Usage (541160K) : Executing rule Sdiod.d
2025-09-01 14:28:50 +0200: Memory Usage (541160K) : Executing rule Sdiod.e
2025-09-01 14:28:50 +0200: Memory Usage (541160K) : Starting 6.9.1 Solder Bump
2025-09-01 14:28:50 +0200: Memory Usage (541160K) : Executing rule Padb.a
2025-09-01 14:28:50 +0200: Memory Usage (541160K) : Executing rule Padb.b
2025-09-01 14:28:50 +0200: Memory Usage (541160K) : Executing rule Padb.c
2025-09-01 14:28:50 +0200: Memory Usage (541160K) : Executing rule Padb.f
2025-09-01 14:28:50 +0200: Memory Usage (541160K) : Executing rule Padb.d
2025-09-01 14:28:50 +0200: Memory Usage (541160K) : Starting 6.9 Pad table
2025-09-01 14:28:50 +0200: Memory Usage (541160K) : Executing rule Pad.m
2025-09-01 14:28:50 +0200: Memory Usage (541160K) : Executing rule Pad.fR_M1
2025-09-01 14:28:50 +0200: Memory Usage (541160K) : Executing rule Pad.fR_M2
2025-09-01 14:28:50 +0200: Memory Usage (541160K) : Executing rule Pad.fR_M3
2025-09-01 14:28:51 +0200: Memory Usage (541416K) : Executing rule Pad.fR_M4
2025-09-01 14:28:52 +0200: Memory Usage (541416K) : Executing rule Pad.fR_M5
2025-09-01 14:28:53 +0200: Memory Usage (541416K) : Executing rule Pad.fR_TM1
2025-09-01 14:28:53 +0200: Memory Usage (541416K) : Executing rule Pad.fR_TM2
2025-09-01 14:28:54 +0200: Memory Usage (541416K) : Executing rule Pad.i
2025-09-01 14:28:54 +0200: Memory Usage (541416K) : Starting 6.9.2 Copper Pillar table
2025-09-01 14:28:54 +0200: Memory Usage (541416K) : Executing rule Padc.a
2025-09-01 14:28:54 +0200: Memory Usage (541416K) : Executing rule Padc.b
2025-09-01 14:28:54 +0200: Memory Usage (541416K) : Executing rule Padc.c
2025-09-01 14:28:54 +0200: Memory Usage (541416K) : Executing rule Padb.f
2025-09-01 14:28:54 +0200: Memory Usage (541416K) : Starting 6.10 Sealring table
2025-09-01 14:28:54 +0200: Memory Usage (541416K) : Executing rule Seal.l
2025-09-01 14:29:01 +0200: Memory Usage (566248K) : Executing rule Seal.n
2025-09-01 14:29:02 +0200: Memory Usage (566248K) : Executing rule seal.b_metal1
2025-09-01 14:29:02 +0200: Memory Usage (566248K) : Executing rule seal.b_metal2
2025-09-01 14:29:02 +0200: Memory Usage (566248K) : Executing rule seal.b_metal3
2025-09-01 14:29:03 +0200: Memory Usage (566248K) : Executing rule seal.b_metal4
2025-09-01 14:29:03 +0200: Memory Usage (566248K) : Executing rule seal.b_metal5
2025-09-01 14:29:03 +0200: Memory Usage (566248K) : Executing rule seal.b_topmetal1
2025-09-01 14:29:03 +0200: Memory Usage (566248K) : Executing rule seal.b_topmetal2
2025-09-01 14:29:04 +0200: Memory Usage (566248K) : Executing rule seal.b_activ
2025-09-01 14:29:04 +0200: Memory Usage (566248K) : Executing rule seal.b_psd
2025-09-01 14:29:04 +0200: Memory Usage (566248K) : Executing rule Seal.k
2025-09-01 14:29:04 +0200: Memory Usage (566248K) : Executing rule Seal.m
2025-09-01 14:29:04 +0200: Memory Usage (566248K) : Starting 6.11 MIM table
2025-09-01 14:29:04 +0200: Memory Usage (566248K) : Executing rule MIM.c
2025-09-01 14:29:04 +0200: Memory Usage (566248K) : Executing rule MIM.d
2025-09-01 14:29:05 +0200: Memory Usage (566248K) : Executing rule MIM.gR
2025-09-01 14:29:05 +0200: Memory Usage (566248K) : Starting 7.2 Latch-up table
2025-09-01 14:29:05 +0200: Memory Usage (566248K) : Executing rule LU.b
2025-09-01 14:29:10 +0200: Memory Usage (566248K) : Starting 7.3 Metal Slits table
2025-09-01 14:29:10 +0200: Memory Usage (566248K) : Executing rule Slt.e1_M1
2025-09-01 14:29:10 +0200: Memory Usage (566248K) : Executing rule Slt.e1_M2
2025-09-01 14:29:10 +0200: Memory Usage (566248K) : Executing rule Slt.e1_M3
2025-09-01 14:29:10 +0200: Memory Usage (566248K) : Executing rule Slt.e1_M4
2025-09-01 14:29:10 +0200: Memory Usage (566248K) : Executing rule Slt.e1_M5
2025-09-01 14:29:10 +0200: Memory Usage (566248K) : Executing rule Slt.e1_TM1
2025-09-01 14:29:10 +0200: Memory Usage (566248K) : Executing rule Slt.e1_TM2
2025-09-01 14:29:10 +0200: Memory Usage (566248K) : Starting 7.4. PIN table
2025-09-01 14:29:10 +0200: Memory Usage (566248K) : Executing rule Pin.a
2025-09-01 14:29:10 +0200: Memory Usage (566248K) : Executing rule Pin.b
2025-09-01 14:29:10 +0200: Memory Usage (566248K) : Executing rule Pin.e
2025-09-01 14:29:10 +0200: Memory Usage (566248K) : Executing rule Pin.f_M2
2025-09-01 14:29:11 +0200: Memory Usage (566248K) : Executing rule Pin.f_M3
2025-09-01 14:29:11 +0200: Memory Usage (566248K) : Executing rule Pin.f_M4
2025-09-01 14:29:11 +0200: Memory Usage (566248K) : Executing rule Pin.f_M5
2025-09-01 14:29:11 +0200: Memory Usage (566248K) : Executing rule Pin.g
2025-09-01 14:29:11 +0200: Memory Usage (566248K) : Executing rule Pin.h
2025-09-01 14:29:11 +0200: Memory Usage (566248K) : Starting 9.1. LBE table
2025-09-01 14:29:11 +0200: Memory Usage (566248K) : Executing rule LBE.a
2025-09-01 14:29:11 +0200: Memory Usage (566248K) : Executing rule LBE.b
2025-09-01 14:29:11 +0200: Memory Usage (566248K) : Executing rule LBE.b1
2025-09-01 14:29:11 +0200: Memory Usage (566248K) : Executing rule LBE.c
2025-09-01 14:29:11 +0200: Memory Usage (566248K) : Executing rule LBE.d
2025-09-01 14:29:11 +0200: Memory Usage (566248K) : Executing rule LBE.h
2025-09-01 14:29:11 +0200: Memory Usage (566248K) : KLayout DRC run for table 'main' completed in 35.74 seconds
